---
source: tests/cli_example_snaps.rs
assertion_line: 221
expression: "&formatted_stdout"
---
Command:
govbot --help

Output:
govbot — a 4-tool civic-data publishing stack. (1) Select real gov data: pull the legislation of all 50 states, DC, territories, and federal Congress from a content-addressed dataset registry. (2) Filter/transform: run transforms over the stream — fastclass tagging today, local-LLM summarize on the roadmap. (3) Publish with receipts: RSS / HTML / JSON / DuckDB / Bluesky today, plus a roadmap GitHub Pages 'receipts' artifact that carries deterministic provenance behind every AI digest. (4) Coding-agent-native dev experience: AGENT.md walks Claude Code through make / manage / update of a project. Configured by a govbot.yml manifest (datasets / transforms / publish / pipelines). See AGENT.md for the end-user playbook, README for the honest gap map.

Usage: govbot [COMMAND]

Commands:
  pull     Pull (clone or update) dataset repositories into the shared cache and link them into the project. Use `govbot pull all` to pull every dataset, `govbot pull <id>...` for specific ones, or `govbot pull` with no args to refresh whatever's already linked into the project
  source   Stream dataset records as JSON Lines — the govbot stream-protocol `source` stage. Pipe into a transform (`fastclass classify -`) or into `govbot apply` for the persistence sink. See `schemas/STREAM_PROTOCOL.md`
  delete   Delete locally-linked dataset clones from the project's `.govbot/repos/`. Use `govbot delete all` to clear every linked dataset, or `govbot delete <id>...` for specific ones. The shared cache at `~/.govbot/cache/` is not touched — a subsequent `pull` re-links instantly
  load     Load bill metadata into a DuckDB database for SQL analysis. Walks every linked dataset's `metadata.json` files, creates a `bills` table + a `bills_summary` view, and writes the database into the base govbot directory (default `./.govbot/govbot.duckdb`). Requires the `duckdb` CLI on PATH
  update   Update the installed govbot binary to the latest nightly build from GitHub releases. Installs into `~/.govbot/bin/govbot` and prefers the platform-native `.tar.gz` asset
  publish  Run one or more publishers from `govbot.yml: publish:`. A publisher consumes the tagged result stream and emits artifacts: `rss`/`html`/`json` write feed/index/dump files, `duckdb` loads records into a database, `bluesky` posts matches to a Bluesky account (always dry-run first with `--dry-run`)
  apply    Persist fastclass classification results as tag files under the project's `tags/` output directory. Reads `fastclass classify` result JSON from stdin — the apply sink of `govbot source --select docs | fastclass classify - | govbot apply` — and writes per-tag `.tag.json` files under `<project>/tags/<dataset>/country:.../sessions/<id>/`, the files `govbot publish` turns into feeds. Classification itself is done by fastclass; `govbot apply` only stores the results. `tags/` is a project-rooted classification-output dir — peer to `dist/` (publisher output) and distinct from `.govbot/` (the tool's regenerable cache)
  run      Run the full pipeline against the current directory's `govbot.yml`: pull/update datasets → `source --select docs | fastclass classify - | apply` (the classify transform) → publish every configured publisher. `govbot` with no arguments is equivalent (and falls back to `init` if no `govbot.yml` is present)
  init     Scaffold a new govbot.yml in the current directory (the setup wizard). Interactive in a TTY; writes sensible defaults when non-interactive
  add      Add one or more datasets to the project's `govbot.yml` `datasets:` list. Each id is validated against the registry before it is added
  remove   Remove one or more datasets from the project's `govbot.yml`
  ls       List datasets — the project's manifest datasets and the ones cached locally. With no manifest, lists every dataset in the registry
  search   Search the dataset registry. A blank query lists every dataset
  doctor   Check that the project's pulled datasets are coherent. A data-integrity smoke test, runnable after `govbot pull all` or before `govbot run` in production. Walks every linked dataset and verifies that the `govbot source --select docs` stream is well-formed: every linked dataset entry resolves to a real directory, per-dataset ids don't collapse onto a handful (the bug-7592418 signature), every sampled `id` resolves to a present and parseable `metadata.json`, and every sampled `text` is non-trivial. Zero-record datasets are surfaced as warnings rather than errors — `--filter default` can legitimately drop every routine log. Exits non-zero on any failure so it can drop straight into a CI step. Skips cleanly when the cache is empty — this is a smoke test, not a unit test
  logs     **Deprecated.** Alias for `govbot source` (default mode) preserved so existing consumers (the CHN-Bluesky-Govbot-Main framework, anyone running `govbot logs > bills.jsonl`) keep working after the Logs→Source rename. Prints a deprecation warning to stderr on invocation. Will be removed in a future major version
  help     Print this message or the help of the given subcommand(s)

Options:
  -h, --help     Print help
  -V, --version  Print version
